// Jest Snapshot v1, https://goo.gl/fbAQLP

exports[`should render the PasswordResetForm 1`] = `
<form>
  <InputField
    icon="lock"
    name="password"
    title="Password"
    type="password"
  />
  <InputField
    icon="lock"
    name="passwordrepeat"
    title="Re-enter password"
    type="password"
  />
  <Component />
  <Component>
    Reset password
  </Component>
</form>
`;
